diff --git a/kernel/riscv.h b/kernel/riscv.h
index 20a01db..efbb6f5 100644
--- a/kernel/riscv.h
+++ b/kernel/riscv.h
@@ -343,6 +343,7 @@ typedef uint64 *pagetable_t; // 512 PTEs
 #define PTE_W (1L << 2)
 #define PTE_X (1L << 3)
 #define PTE_U (1L << 4) // user can access
+#define PTE_A (1L << 6) // access bit
 
 // shift a physical address to the right place for a PTE.
 #define PA2PTE(pa) ((((uint64)pa) >> 12) << 10)
diff --git a/kernel/sysproc.c b/kernel/sysproc.c
index 88644b2..37cabd1 100644
--- a/kernel/sysproc.c
+++ b/kernel/sysproc.c
@@ -2,6 +2,11 @@
 #include "riscv.h"
 #include "param.h"
 #include "defs.h"
+
+#ifndef LAB_PGTBL
+#define LAB_PGTBL
+#endif
+
 #include "memlayout.h"
 #include "spinlock.h"
 #include "proc.h"
@@ -74,7 +79,36 @@ sys_sleep(void)
 int
 sys_pgaccess(void)
 {
-  // lab pgtbl: your code here.
+  uint64 va;
+  argaddr(0, &va);
+  int nr_pages;
+  argint(1, &nr_pages);
+  uint64 pr_abits;
+  argaddr(2, &pr_abits);
+
+  if(nr_pages > 32) {
+    return -1;      // we set the upper limit on the number of pages that can be scanned to 32.
+  }
+  
+  uint32 bitmap = 0;
+  pagetable_t pagetable = myproc() -> pagetable;
+
+  for(int i=0; i < nr_pages; i++) {
+    pte_t* pte = walk(pagetable, va, 0);
+    if(pte == 0){
+      return -1; // walk error
+    }
+
+    if(*pte & PTE_V){
+      if(*pte & PTE_A){
+        bitmap |= (1 << i);
+        *pte &= (~PTE_A);
+      }
+    }
+    va += PGSIZE;
+  }
+
+  copyout(pagetable, pr_abits, (char*)&bitmap, 4);
   return 0;
 }
 #endif
